Installation on Ubuntu 18.04

## When migrating, DO NOT install wordpress when prompt, just load the MySQL DB. ##

backup: 
mysqldump -p -u root --single-transaction --quick --lock-tables=false shamaut > shamaut.sql
sudo tar -cpzf shamaut_new.tar.gz /var/www/html

extract:
sudo tar -C /var/www/html -zxvf shamaut_new.tar.gz
mysql -u root -p shamaut < shamaut.sql

https://www.hostinger.com/tutorials/how-to-install-wordpress-on-ubuntu-using-lamp-stack/

sudo apt update
sudo apt install apache2

sudo ufw allow in "Apache Full"
sudo ufw app info "Apache Full"

sudo apt install mysql-server
sudo mysql
mysql> ALTER USER 'root'@'localhost' IDENTIFIED WITH mysql_native_password BY 'Password;
mysql> FLUSH PRIVILEGES;

mysql -u root -p
mysql> CREATE DATABASE WordPressDB;

mysql> GRANT ALL ON WordPressDB.* TO ' WordPressUser '@'localhost' IDENTIFIED BY 'NewPasswordToBeSet';
mysql> FLUSH PRIVILEGES; 

PHP installation:

sudo apt install php libapache2-mod-php php-mysql
sudo apt install php-curl php-gd php-xml php-mbstring  php-xmlrpc php-zip php-soap php-intl

Enable PHP index:
sudo vi /etc/apache2/mods-enabled/dir.conf
<IfModule mod_dir.c>
   DirectoryIndex index.html index.cgi index.pl index.php index.xhtml index.htm
</IfModule>

sudo systemctl restart apache2

Configure apache2 at /etc/apache2/sites-available/:
1) Create conf file
1.1) Add
<Directory /var/www/wordpress />
   AllowOverride All
</Directory>
2) Enable the file with: sudo a2ensite <FILE.conf>
2.1) Check text: 
sudo apache2ctl configtest
3) sudo systemctl restart apache2


Get wordpress:
0) cd /tmp
1) wget https://wordpress.org/latest.tar.gz
1.1) vi /tmp/wordpress/.htaccess
2) Edit wp-config.php 
2.1) DB name, user, password
2.2) Add SALT security tokens

2.3) Add at the end:
define('FS_METHOD', 'direct');

2.4) Add above "stop editing": 
define( 'DISALLOW_FILE_EDIT', true ); 

3) mkdir /tmp/wordpress/wp-content/upgrade

sudo cp -a /tmp/wordpress/. /var/www/wordpress
sudo chown -R www-data:www-data /var/www/wordpress
sudo find /var/www/wordpress/ -type d -exec chmod 750 {} \;
sudo find /var/www/wordpress/ -type f -exec chmod 640 {} \;

Security measures: https://www.wpbeginner.com/beginners-guide/beginners-step-step-guide-fixing-hacked-wordpress-site/
Install: Sucuri plugin

Fix to the loading big files issue: https://hostadvice.com/how-to/how-to-edit-php-settings-in-apache-on-an-ubuntu-18-04-vps-or-dedicated-server/

The parameter that changes the loading size is:  post_max_size

#AliDropship plugin issue:
https://hostadvice.com/how-to/how-to-install-ioncube-loader-on-ubuntu-18-04/

# There has been an error cropping your image.
sudo apt-get install php7.2-gd
sudo systemctl reload apache2

# Theme demo issues: Should import using the internal Wordpress importrer and not the tool with the theme
